// Vitest Snapshot v1, https://vitest.dev/guide/snapshot.html

exports[`Header snapshot > matches snapshot (dark theme) 1`] = `
<div>
  <header
    class="app-header"
  >
    <h1
      class="text-3xl font-bold mb-4 text-primary "
    >
      Supabase Tasks
      <span
        class="underline"
      >
        --Worked with StylecComponents
      </span>
    </h1>
    <p
      class="app-header__subtitle"
    >
      Simple task list powered by Supabase, built with React + Vite.
    </p>
    <button
      aria-label="Change to Light Mode"
      class="inline-flex items-center justify-center gap-2 whitespace-nowrap rounded-md text-sm font-medium transition-all disabled:pointer-events-none disabled:opacity-50 [&_svg]:pointer-events-none [&_svg:not([class*='size-'])]:size-4 shrink-0 [&_svg]:shrink-0 outline-none focus-visible:border-ring focus-visible:ring-ring/50 focus-visible:ring-[3px] aria-invalid:ring-destructive/20 dark:aria-invalid:ring-destructive/40 aria-invalid:border-destructive cursor-pointer bg-secondary text-secondary-foreground hover:bg-secondary/80 h-9 px-4 py-2 has-[>svg]:px-3"
      data-size="default"
      data-slot="button"
      data-variant="secondary"
      type="button"
    >
      Change to 
      Light
       Mode
    </button>
  </header>
</div>
`;
